Command line invocation:
    /Applications/Xcode_16.4.app/Contents/Developer/usr/bin/xcodebuild -project CustomerServiceApp.xcodeproj -scheme CustomerServiceApp -configuration Release -sdk iphoneos -derivedDataPath /Users/runner/work/_temp/CustomerServiceDerivedData CODE_SIGNING_ALLOWED=NO CODE_SIGNING_REQUIRED=NO CODE_SIGN_IDENTITY= DEVELOPMENT_TEAM= build

Build settings from command line:
    CODE_SIGN_IDENTITY = 
    CODE_SIGNING_ALLOWED = NO
    CODE_SIGNING_REQUIRED = NO
    DEVELOPMENT_TEAM = 
    SDKROOT = iphoneos18.5

note: Using codesigning identity override: 
ComputePackagePrebuildTargetDependencyGraph

Prepare packages

CreateBuildRequest

SendProjectDescription

CreateBuildOperation

ComputeTargetDependencyGraph
note: Building targets in dependency order
note: Target dependency graph (1 target)
    Target 'CustomerServiceApp' in project 'CustomerServiceApp' (no dependencies)

GatherProvisioningInputs

CreateBuildDescription

ExecuteExternalTool /Applications/Xcode_16.4.app/Contents/Developer/usr/bin/actool --print-asset-tag-combinations --output-format xml1 /Users/runner/work/_temp/customer-service-ios-v104-build7/CustomerServiceApp/Assets.xcassets

ExecuteExternalTool /Applications/Xcode_16.4.app/Contents/Developer/usr/bin/ibtool --version --output-format xml1

ExecuteExternalTool /Applications/Xcode_16.4.app/Contents/Developer/Toolchains/XcodeDefault.xctoolchain/usr/bin/clang -v -E -dM -isysroot /Applications/Xcode_16.4.app/Contents/Developer/Platforms/iPhoneOS.platform/Developer/SDKs/iPhoneOS18.5.sdk -x c -c /dev/null

ExecuteExternalTool /Applications/Xcode_16.4.app/Contents/Developer/usr/bin/actool --version --output-format xml1

ExecuteExternalTool /Applications/Xcode_16.4.app/Contents/Developer/Toolchains/XcodeDefault.xctoolchain/usr/bin/swiftc --version

ExecuteExternalTool /Applications/Xcode_16.4.app/Contents/Developer/Toolchains/XcodeDefault.xctoolchain/usr/bin/ld -version_details

Build description signature: 2403a4e7712230d6b4371f448a8febae
Build description path: /Users/runner/work/_temp/CustomerServiceDerivedData/Build/Intermediates.noindex/XCBuildData/2403a4e7712230d6b4371f448a8febae.xcbuilddata
ClangStatCache /Applications/Xcode_16.4.app/Contents/Developer/Toolchains/XcodeDefault.xctoolchain/usr/bin/clang-stat-cache /Applications/Xcode_16.4.app/Contents/Developer/Platforms/iPhoneOS.platform/Developer/SDKs/iPhoneOS18.5.sdk /Users/runner/work/_temp/CustomerServiceDerivedData/SDKStatCaches.noindex/iphoneos18.5-22F76-a529daf784b3616c7c04a36aeb7f5c05.sdkstatcache
    cd /Users/runner/work/_temp/customer-service-ios-v104-build7/CustomerServiceApp.xcodeproj
    /Applications/Xcode_16.4.app/Contents/Developer/Toolchains/XcodeDefault.xctoolchain/usr/bin/clang-stat-cache /Applications/Xcode_16.4.app/Contents/Developer/Platforms/iPhoneOS.platform/Developer/SDKs/iPhoneOS18.5.sdk -o /Users/runner/work/_temp/CustomerServiceDerivedData/SDKStatCaches.noindex/iphoneos18.5-22F76-a529daf784b3616c7c04a36aeb7f5c05.sdkstatcache

CreateBuildDirectory /Users/runner/work/_temp/CustomerServiceDerivedData/Build/Products
    cd /Users/runner/work/_temp/customer-service-ios-v104-build7/CustomerServiceApp.xcodeproj
    builtin-create-build-directory /Users/runner/work/_temp/CustomerServiceDerivedData/Build/Products

CreateBuildDirectory /Users/runner/work/_temp/CustomerServiceDerivedData/Build/Intermediates.noindex
    cd /Users/runner/work/_temp/customer-service-ios-v104-build7/CustomerServiceApp.xcodeproj
    builtin-create-build-directory /Users/runner/work/_temp/CustomerServiceDerivedData/Build/Intermediates.noindex

CreateBuildDirectory /Users/runner/work/_temp/CustomerServiceDerivedData/Build/Products/Release-iphoneos
    cd /Users/runner/work/_temp/customer-service-ios-v104-build7/CustomerServiceApp.xcodeproj
    builtin-create-build-directory /Users/runner/work/_temp/CustomerServiceDerivedData/Build/Products/Release-iphoneos

WriteAuxiliaryFile /Users/runner/work/_temp/CustomerServiceDerivedData/Build/Intermediates.noindex/CustomerServiceApp.build/Release-iphoneos/CustomerServiceApp-d9552b034663f611635cb21c3d2822a2-VFS-iphoneos/all-product-headers.yaml
    cd /Users/runner/work/_temp/customer-service-ios-v104-build7/CustomerServiceApp.xcodeproj
    write-file /Users/runner/work/_temp/CustomerServiceDerivedData/Build/Intermediates.noindex/CustomerServiceApp.build/Release-iphoneos/CustomerServiceApp-d9552b034663f611635cb21c3d2822a2-VFS-iphoneos/all-product-headers.yaml

CreateBuildDirectory /Users/runner/work/_temp/CustomerServiceDerivedData/Build/Intermediates.noindex/EagerLinkingTBDs/Release-iphoneos
    cd /Users/runner/work/_temp/customer-service-ios-v104-build7/CustomerServiceApp.xcodeproj
    builtin-create-build-directory /Users/runner/work/_temp/CustomerServiceDerivedData/Build/Intermediates.noindex/EagerLinkingTBDs/Release-iphoneos

WriteAuxiliaryFile /Users/runner/work/_temp/CustomerServiceDerivedData/Build/Intermediates.noindex/CustomerServiceApp.build/Release-iphoneos/CustomerServiceApp.build/Objects-normal/arm64/CustomerServiceApp_const_extract_protocols.json (in target 'CustomerServiceApp' from project 'CustomerServiceApp')
    cd /Users/runner/work/_temp/customer-service-ios-v104-build7
    write-file /Users/runner/work/_temp/CustomerServiceDerivedData/Build/Intermediates.noindex/CustomerServiceApp.build/Release-iphoneos/CustomerServiceApp.build/Objects-normal/arm64/CustomerServiceApp_const_extract_protocols.json

WriteAuxiliaryFile /Users/runner/work/_temp/CustomerServiceDerivedData/Build/Intermediates.noindex/CustomerServiceApp.build/Release-iphoneos/CustomerServiceApp.build/Objects-normal/arm64/CustomerServiceApp.SwiftFileList (in target 'CustomerServiceApp' from project 'CustomerServiceApp')
    cd /Users/runner/work/_temp/customer-service-ios-v104-build7
    write-file /Users/runner/work/_temp/CustomerServiceDerivedData/Build/Intermediates.noindex/CustomerServiceApp.build/Release-iphoneos/CustomerServiceApp.build/Objects-normal/arm64/CustomerServiceApp.SwiftFileList

WriteAuxiliaryFile /Users/runner/work/_temp/CustomerServiceDerivedData/Build/Intermediates.noindex/CustomerServiceApp.build/Release-iphoneos/CustomerServiceApp.build/Objects-normal/arm64/CustomerServiceApp.SwiftConstValuesFileList (in target 'CustomerServiceApp' from project 'CustomerServiceApp')
    cd /Users/runner/work/_temp/customer-service-ios-v104-build7
    write-file /Users/runner/work/_temp/CustomerServiceDerivedData/Build/Intermediates.noindex/CustomerServiceApp.build/Release-iphoneos/CustomerServiceApp.build/Objects-normal/arm64/CustomerServiceApp.SwiftConstValuesFileList

WriteAuxiliaryFile /Users/runner/work/_temp/CustomerServiceDerivedData/Build/Intermediates.noindex/CustomerServiceApp.build/Release-iphoneos/CustomerServiceApp.build/Objects-normal/arm64/CustomerServiceApp.LinkFileList (in target 'CustomerServiceApp' from project 'CustomerServiceApp')
    cd /Users/runner/work/_temp/customer-service-ios-v104-build7
    write-file /Users/runner/work/_temp/CustomerServiceDerivedData/Build/Intermediates.noindex/CustomerServiceApp.build/Release-iphoneos/CustomerServiceApp.build/Objects-normal/arm64/CustomerServiceApp.LinkFileList

WriteAuxiliaryFile /Users/runner/work/_temp/CustomerServiceDerivedData/Build/Intermediates.noindex/CustomerServiceApp.build/Release-iphoneos/CustomerServiceApp.build/Objects-normal/arm64/CustomerServiceApp-OutputFileMap.json (in target 'CustomerServiceApp' from project 'CustomerServiceApp')
    cd /Users/runner/work/_temp/customer-service-ios-v104-build7
    write-file /Users/runner/work/_temp/CustomerServiceDerivedData/Build/Intermediates.noindex/CustomerServiceApp.build/Release-iphoneos/CustomerServiceApp.build/Objects-normal/arm64/CustomerServiceApp-OutputFileMap.json

WriteAuxiliaryFile /Users/runner/work/_temp/CustomerServiceDerivedData/Build/Intermediates.noindex/CustomerServiceApp.build/Release-iphoneos/CustomerServiceApp.build/CustomerServiceApp.hmap (in target 'CustomerServiceApp' from project 'CustomerServiceApp')
    cd /Users/runner/work/_temp/customer-service-ios-v104-build7
    write-file /Users/runner/work/_temp/CustomerServiceDerivedData/Build/Intermediates.noindex/CustomerServiceApp.build/Release-iphoneos/CustomerServiceApp.build/CustomerServiceApp.hmap

WriteAuxiliaryFile /Users/runner/work/_temp/CustomerServiceDerivedData/Build/Intermediates.noindex/CustomerServiceApp.build/Release-iphoneos/CustomerServiceApp.build/CustomerServiceApp.DependencyStaticMetadataFileList (in target 'CustomerServiceApp' from project 'CustomerServiceApp')
    cd /Users/runner/work/_temp/customer-service-ios-v104-build7
    write-file /Users/runner/work/_temp/CustomerServiceDerivedData/Build/Intermediates.noindex/CustomerServiceApp.build/Release-iphoneos/CustomerServiceApp.build/CustomerServiceApp.DependencyStaticMetadataFileList

WriteAuxiliaryFile /Users/runner/work/_temp/CustomerServiceDerivedData/Build/Intermediates.noindex/CustomerServiceApp.build/Release-iphoneos/CustomerServiceApp.build/CustomerServiceApp.DependencyMetadataFileList (in target 'CustomerServiceApp' from project 'CustomerServiceApp')
    cd /Users/runner/work/_temp/customer-service-ios-v104-build7
    write-file /Users/runner/work/_temp/CustomerServiceDerivedData/Build/Intermediates.noindex/CustomerServiceApp.build/Release-iphoneos/CustomerServiceApp.build/CustomerServiceApp.DependencyMetadataFileList

WriteAuxiliaryFile /Users/runner/work/_temp/CustomerServiceDerivedData/Build/Intermediates.noindex/CustomerServiceApp.build/Release-iphoneos/CustomerServiceApp.build/CustomerServiceApp-project-headers.hmap (in target 'CustomerServiceApp' from project 'CustomerServiceApp')
    cd /Users/runner/work/_temp/customer-service-ios-v104-build7
    write-file /Users/runner/work/_temp/CustomerServiceDerivedData/Build/Intermediates.noindex/CustomerServiceApp.build/Release-iphoneos/CustomerServiceApp.build/CustomerServiceApp-project-headers.hmap

WriteAuxiliaryFile /Users/runner/work/_temp/CustomerServiceDerivedData/Build/Intermediates.noindex/CustomerServiceApp.build/Release-iphoneos/CustomerServiceApp.build/CustomerServiceApp-own-target-headers.hmap (in target 'CustomerServiceApp' from project 'CustomerServiceApp')
    cd /Users/runner/work/_temp/customer-service-ios-v104-build7
    write-file /Users/runner/work/_temp/CustomerServiceDerivedData/Build/Intermediates.noindex/CustomerServiceApp.build/Release-iphoneos/CustomerServiceApp.build/CustomerServiceApp-own-target-headers.hmap

WriteAuxiliaryFile /Users/runner/work/_temp/CustomerServiceDerivedData/Build/Intermediates.noindex/CustomerServiceApp.build/Release-iphoneos/CustomerServiceApp.build/CustomerServiceApp-generated-files.hmap (in target 'CustomerServiceApp' from project 'CustomerServiceApp')
    cd /Users/runner/work/_temp/customer-service-ios-v104-build7
    write-file /Users/runner/work/_temp/CustomerServiceDerivedData/Build/Intermediates.noindex/CustomerServiceApp.build/Release-iphoneos/CustomerServiceApp.build/CustomerServiceApp-generated-files.hmap

WriteAuxiliaryFile /Users/runner/work/_temp/CustomerServiceDerivedData/Build/Intermediates.noindex/CustomerServiceApp.build/Release-iphoneos/CustomerServiceApp.build/CustomerServiceApp-all-target-headers.hmap (in target 'CustomerServiceApp' from project 'CustomerServiceApp')
    cd /Users/runner/work/_temp/customer-service-ios-v104-build7
    write-file /Users/runner/work/_temp/CustomerServiceDerivedData/Build/Intermediates.noindex/CustomerServiceApp.build/Release-iphoneos/CustomerServiceApp.build/CustomerServiceApp-all-target-headers.hmap

WriteAuxiliaryFile /Users/runner/work/_temp/CustomerServiceDerivedData/Build/Intermediates.noindex/CustomerServiceApp.build/Release-iphoneos/CustomerServiceApp.build/CustomerServiceApp-all-non-framework-target-headers.hmap (in target 'CustomerServiceApp' from project 'CustomerServiceApp')
    cd /Users/runner/work/_temp/customer-service-ios-v104-build7
    write-file /Users/runner/work/_temp/CustomerServiceDerivedData/Build/Intermediates.noindex/CustomerServiceApp.build/Release-iphoneos/CustomerServiceApp.build/CustomerServiceApp-all-non-framework-target-headers.hmap

MkDir /Users/runner/work/_temp/CustomerServiceDerivedData/Build/Products/Release-iphoneos/CustomerServiceApp.app (in target 'CustomerServiceApp' from project 'CustomerServiceApp')
    cd /Users/runner/work/_temp/customer-service-ios-v104-build7
    /bin/mkdir -p /Users/runner/work/_temp/CustomerServiceDerivedData/Build/Products/Release-iphoneos/CustomerServiceApp.app

MkDir /Users/runner/work/_temp/CustomerServiceDerivedData/Build/Intermediates.noindex/CustomerServiceApp.build/Release-iphoneos/CustomerServiceApp.build/assetcatalog_output/unthinned (in target 'CustomerServiceApp' from project 'CustomerServiceApp')
    cd /Users/runner/work/_temp/customer-service-ios-v104-build7
    /bin/mkdir -p /Users/runner/work/_temp/CustomerServiceDerivedData/Build/Intermediates.noindex/CustomerServiceApp.build/Release-iphoneos/CustomerServiceApp.build/assetcatalog_output/unthinned

MkDir /Users/runner/work/_temp/CustomerServiceDerivedData/Build/Intermediates.noindex/CustomerServiceApp.build/Release-iphoneos/CustomerServiceApp.build/assetcatalog_output/thinned (in target 'CustomerServiceApp' from project 'CustomerServiceApp')
    cd /Users/runner/work/_temp/customer-service-ios-v104-build7
    /bin/mkdir -p /Users/runner/work/_temp/CustomerServiceDerivedData/Build/Intermediates.noindex/CustomerServiceApp.build/Release-iphoneos/CustomerServiceApp.build/assetcatalog_output/thinned

GenerateAssetSymbols /Users/runner/work/_temp/customer-service-ios-v104-build7/CustomerServiceApp/Assets.xcassets (in target 'CustomerServiceApp' from project 'CustomerServiceApp')
    cd /Users/runner/work/_temp/customer-service-ios-v104-build7
    /Applications/Xcode_16.4.app/Contents/Developer/usr/bin/actool /Users/runner/work/_temp/customer-service-ios-v104-build7/CustomerServiceApp/Assets.xcassets --compile /Users/runner/work/_temp/CustomerServiceDerivedData/Build/Products/Release-iphoneos/CustomerServiceApp.app --output-format human-readable-text --notices --warnings --export-dependency-info /Users/runner/work/_temp/CustomerServiceDerivedData/Build/Intermediates.noindex/CustomerServiceApp.build/Release-iphoneos/CustomerServiceApp.build/assetcatalog_dependencies --output-partial-info-plist /Users/runner/work/_temp/CustomerServiceDerivedData/Build/Intermediates.noindex/CustomerServiceApp.build/Release-iphoneos/CustomerServiceApp.build/assetcatalog_generated_info.plist --app-icon AppIcon --compress-pngs --enable-on-demand-resources YES --development-region en --target-device iphone --minimum-deployment-target 16.0 --platform iphoneos --bundle-identifier com.yuyanfriends.app --generate-swift-asset-symbol-extensions NO --generate-swift-asset-symbols /Users/runner/work/_temp/CustomerServiceDerivedData/Build/Intermediates.noindex/CustomerServiceApp.build/Release-iphoneos/CustomerServiceApp.build/DerivedSources/GeneratedAssetSymbols.swift --generate-objc-asset-symbols /Users/runner/work/_temp/CustomerServiceDerivedData/Build/Intermediates.noindex/CustomerServiceApp.build/Release-iphoneos/CustomerServiceApp.build/DerivedSources/GeneratedAssetSymbols.h --generate-asset-symbol-index /Users/runner/work/_temp/CustomerServiceDerivedData/Build/Intermediates.noindex/CustomerServiceApp.build/Release-iphoneos/CustomerServiceApp.build/DerivedSources/GeneratedAssetSymbols-Index.plist
/* com.apple.actool.compilation-results */
/Users/runner/work/_temp/CustomerServiceDerivedData/Build/Intermediates.noindex/CustomerServiceApp.build/Release-iphoneos/CustomerServiceApp.build/DerivedSources/GeneratedAssetSymbols-Index.plist
/Users/runner/work/_temp/CustomerServiceDerivedData/Build/Intermediates.noindex/CustomerServiceApp.build/Release-iphoneos/CustomerServiceApp.build/DerivedSources/GeneratedAssetSymbols.h
/Users/runner/work/_temp/CustomerServiceDerivedData/Build/Intermediates.noindex/CustomerServiceApp.build/Release-iphoneos/CustomerServiceApp.build/DerivedSources/GeneratedAssetSymbols.swift


CpResource /Users/runner/work/_temp/CustomerServiceDerivedData/Build/Products/Release-iphoneos/CustomerServiceApp.app/LaunchBackground.svg /Users/runner/work/_temp/customer-service-ios-v104-build7/CustomerServiceApp/LaunchBackground.svg (in target 'CustomerServiceApp' from project 'CustomerServiceApp')
    cd /Users/runner/work/_temp/customer-service-ios-v104-build7
    builtin-copy -exclude .DS_Store -exclude CVS -exclude .svn -exclude .git -exclude .hg -resolve-src-symlinks /Users/runner/work/_temp/customer-service-ios-v104-build7/CustomerServiceApp/LaunchBackground.svg /Users/runner/work/_temp/CustomerServiceDerivedData/Build/Products/Release-iphoneos/CustomerServiceApp.app

CpResource /Users/runner/work/_temp/CustomerServiceDerivedData/Build/Products/Release-iphoneos/CustomerServiceApp.app/BrandIcon.svg /Users/runner/work/_temp/customer-service-ios-v104-build7/CustomerServiceApp/BrandIcon.svg (in target 'CustomerServiceApp' from project 'CustomerServiceApp')
    cd /Users/runner/work/_temp/customer-service-ios-v104-build7
    builtin-copy -exclude .DS_Store -exclude CVS -exclude .svn -exclude .git -exclude .hg -resolve-src-symlinks /Users/runner/work/_temp/customer-service-ios-v104-build7/CustomerServiceApp/BrandIcon.svg /Users/runner/work/_temp/CustomerServiceDerivedData/Build/Products/Release-iphoneos/CustomerServiceApp.app

CompileStoryboard /Users/runner/work/_temp/customer-service-ios-v104-build7/CustomerServiceApp/LaunchScreen.storyboard (in target 'CustomerServiceApp' from project 'CustomerServiceApp')
    cd /Users/runner/work/_temp/customer-service-ios-v104-build7
    /Applications/Xcode_16.4.app/Contents/Developer/usr/bin/ibtool --errors --warnings --notices --module CustomerServiceApp --output-partial-info-plist /Users/runner/work/_temp/CustomerServiceDerivedData/Build/Intermediates.noindex/CustomerServiceApp.build/Release-iphoneos/CustomerServiceApp.build/LaunchScreen-SBPartialInfo.plist --auto-activate-custom-fonts --target-device iphone --minimum-deployment-target 16.0 --output-format human-readable-text /Users/runner/work/_temp/customer-service-ios-v104-build7/CustomerServiceApp/LaunchScreen.storyboard --compilation-directory /Users/runner/work/_temp/CustomerServiceDerivedData/Build/Intermediates.noindex/CustomerServiceApp.build/Release-iphoneos/CustomerServiceApp.build

CompileAssetCatalogVariant thinned /Users/runner/work/_temp/CustomerServiceDerivedData/Build/Products/Release-iphoneos/CustomerServiceApp.app /Users/runner/work/_temp/customer-service-ios-v104-build7/CustomerServiceApp/Assets.xcassets (in target 'CustomerServiceApp' from project 'CustomerServiceApp')
    cd /Users/runner/work/_temp/customer-service-ios-v104-build7
    /Applications/Xcode_16.4.app/Contents/Developer/usr/bin/actool /Users/runner/work/_temp/customer-service-ios-v104-build7/CustomerServiceApp/Assets.xcassets --compile /Users/runner/work/_temp/CustomerServiceDerivedData/Build/Intermediates.noindex/CustomerServiceApp.build/Release-iphoneos/CustomerServiceApp.build/assetcatalog_output/thinned --output-format human-readable-text --notices --warnings --export-dependency-info /Users/runner/work/_temp/CustomerServiceDerivedData/Build/Intermediates.noindex/CustomerServiceApp.build/Release-iphoneos/CustomerServiceApp.build/assetcatalog_dependencies_thinned --output-partial-info-plist /Users/runner/work/_temp/CustomerServiceDerivedData/Build/Intermediates.noindex/CustomerServiceApp.build/Release-iphoneos/CustomerServiceApp.build/assetcatalog_generated_info.plist_thinned --app-icon AppIcon --compress-pngs --enable-on-demand-resources YES --development-region en --target-device iphone --minimum-deployment-target 16.0 --platform iphoneos
/* com.apple.actool.compilation-results */
/Users/runner/work/_temp/CustomerServiceDerivedData/Build/Intermediates.noindex/CustomerServiceApp.build/Release-iphoneos/CustomerServiceApp.build/assetcatalog_generated_info.plist_thinned
/Users/runner/work/_temp/CustomerServiceDerivedData/Build/Intermediates.noindex/CustomerServiceApp.build/Release-iphoneos/CustomerServiceApp.build/assetcatalog_output/thinned/AppIcon60x60@2x.png
/Users/runner/work/_temp/CustomerServiceDerivedData/Build/Intermediates.noindex/CustomerServiceApp.build/Release-iphoneos/CustomerServiceApp.build/assetcatalog_output/thinned/AppIcon76x76@2x~ipad.png
/Users/runner/work/_temp/CustomerServiceDerivedData/Build/Intermediates.noindex/CustomerServiceApp.build/Release-iphoneos/CustomerServiceApp.build/assetcatalog_output/thinned/Assets.car


SwiftDriver CustomerServiceApp normal arm64 com.apple.xcode.tools.swift.compiler (in target 'CustomerServiceApp' from project 'CustomerServiceApp')
    cd /Users/runner/work/_temp/customer-service-ios-v104-build7
    builtin-SwiftDriver -- /Applications/Xcode_16.4.app/Contents/Developer/Toolchains/XcodeDefault.xctoolchain/usr/bin/swiftc -module-name CustomerServiceApp -O -whole-module-optimization -enforce-exclusivity\=checked @/Users/runner/work/_temp/CustomerServiceDerivedData/Build/Intermediates.noindex/CustomerServiceApp.build/Release-iphoneos/CustomerServiceApp.build/Objects-normal/arm64/CustomerServiceApp.SwiftFileList -enable-bare-slash-regex -enable-experimental-feature DebugDescriptionMacro -sdk /Applications/Xcode_16.4.app/Contents/Developer/Platforms/iPhoneOS.platform/Developer/SDKs/iPhoneOS18.5.sdk -target arm64-apple-ios16.0 -g -module-cache-path /Users/runner/work/_temp/CustomerServiceDerivedData/ModuleCache.noindex -Xfrontend -serialize-debugging-options -swift-version 5 -I /Users/runner/work/_temp/CustomerServiceDerivedData/Build/Products/Release-iphoneos -F /Users/runner/work/_temp/CustomerServiceDerivedData/Build/Products/Release-iphoneos -c -num-threads 3 -Xcc -ivfsstatcache -Xcc /Users/runner/work/_temp/CustomerServiceDerivedData/SDKStatCaches.noindex/iphoneos18.5-22F76-a529daf784b3616c7c04a36aeb7f5c05.sdkstatcache -output-file-map /Users/runner/work/_temp/CustomerServiceDerivedData/Build/Intermediates.noindex/CustomerServiceApp.build/Release-iphoneos/CustomerServiceApp.build/Objects-normal/arm64/CustomerServiceApp-OutputFileMap.json -use-frontend-parseable-output -save-temps -no-color-diagnostics -serialize-diagnostics -emit-dependencies -emit-module -emit-module-path /Users/runner/work/_temp/CustomerServiceDerivedData/Build/Intermediates.noindex/CustomerServiceApp.build/Release-iphoneos/CustomerServiceApp.build/Objects-normal/arm64/CustomerServiceApp.swiftmodule -validate-clang-modules-once -clang-build-session-file /Users/runner/work/_temp/CustomerServiceDerivedData/ModuleCache.noindex/Session.modulevalidation -Xcc -I/Users/runner/work/_temp/CustomerServiceDerivedData/Build/Intermediates.noindex/CustomerServiceApp.build/Release-iphoneos/CustomerServiceApp.build/swift-overrides.hmap -emit-const-values -Xfrontend -const-gather-protocols-file -Xfrontend /Users/runner/work/_temp/CustomerServiceDerivedData/Build/Intermediates.noindex/CustomerServiceApp.build/Release-iphoneos/CustomerServiceApp.build/Objects-normal/arm64/CustomerServiceApp_const_extract_protocols.json -Xcc -iquote -Xcc /Users/runner/work/_temp/CustomerServiceDerivedData/Build/Intermediates.noindex/CustomerServiceApp.build/Release-iphoneos/CustomerServiceApp.build/CustomerServiceApp-generated-files.hmap -Xcc -I/Users/runner/work/_temp/CustomerServiceDerivedData/Build/Intermediates.noindex/CustomerServiceApp.build/Release-iphoneos/CustomerServiceApp.build/CustomerServiceApp-own-target-headers.hmap -Xcc -I/Users/runner/work/_temp/CustomerServiceDerivedData/Build/Intermediates.noindex/CustomerServiceApp.build/Release-iphoneos/CustomerServiceApp.build/CustomerServiceApp-all-target-headers.hmap -Xcc -iquote -Xcc /Users/runner/work/_temp/CustomerServiceDerivedData/Build/Intermediates.noindex/CustomerServiceApp.build/Release-iphoneos/CustomerServiceApp.build/CustomerServiceApp-project-headers.hmap -Xcc -I/Users/runner/work/_temp/CustomerServiceDerivedData/Build/Products/Release-iphoneos/include -Xcc -I/Users/runner/work/_temp/CustomerServiceDerivedData/Build/Intermediates.noindex/CustomerServiceApp.build/Release-iphoneos/CustomerServiceApp.build/DerivedSources-normal/arm64 -Xcc -I/Users/runner/work/_temp/CustomerServiceDerivedData/Build/Intermediates.noindex/CustomerServiceApp.build/Release-iphoneos/CustomerServiceApp.build/DerivedSources/arm64 -Xcc -I/Users/runner/work/_temp/CustomerServiceDerivedData/Build/Intermediates.noindex/CustomerServiceApp.build/Release-iphoneos/CustomerServiceApp.build/DerivedSources -emit-objc-header -emit-objc-header-path /Users/runner/work/_temp/CustomerServiceDerivedData/Build/Intermediates.noindex/CustomerServiceApp.build/Release-iphoneos/CustomerServiceApp.build/Objects-normal/arm64/CustomerServiceApp-Swift.h -working-directory /Users/runner/work/_temp/customer-service-ios-v104-build7 -no-emit-module-separately-wmo

SwiftDriver\ Compilation CustomerServiceApp normal arm64 com.apple.xcode.tools.swift.compiler (in target 'CustomerServiceApp' from project 'CustomerServiceApp')
    cd /Users/runner/work/_temp/customer-service-ios-v104-build7
    builtin-Swift-Compilation -- /Applications/Xcode_16.4.app/Contents/Developer/Toolchains/XcodeDefault.xctoolchain/usr/bin/swiftc -module-name CustomerServiceApp -O -whole-module-optimization -enforce-exclusivity\=checked @/Users/runner/work/_temp/CustomerServiceDerivedData/Build/Intermediates.noindex/CustomerServiceApp.build/Release-iphoneos/CustomerServiceApp.build/Objects-normal/arm64/CustomerServiceApp.SwiftFileList -enable-bare-slash-regex -enable-experimental-feature DebugDescriptionMacro -sdk /Applications/Xcode_16.4.app/Contents/Developer/Platforms/iPhoneOS.platform/Developer/SDKs/iPhoneOS18.5.sdk -target arm64-apple-ios16.0 -g -module-cache-path /Users/runner/work/_temp/CustomerServiceDerivedData/ModuleCache.noindex -Xfrontend -serialize-debugging-options -swift-version 5 -I /Users/runner/work/_temp/CustomerServiceDerivedData/Build/Products/Release-iphoneos -F /Users/runner/work/_temp/CustomerServiceDerivedData/Build/Products/Release-iphoneos -c -num-threads 3 -Xcc -ivfsstatcache -Xcc /Users/runner/work/_temp/CustomerServiceDerivedData/SDKStatCaches.noindex/iphoneos18.5-22F76-a529daf784b3616c7c04a36aeb7f5c05.sdkstatcache -output-file-map /Users/runner/work/_temp/CustomerServiceDerivedData/Build/Intermediates.noindex/CustomerServiceApp.build/Release-iphoneos/CustomerServiceApp.build/Objects-normal/arm64/CustomerServiceApp-OutputFileMap.json -use-frontend-parseable-output -save-temps -no-color-diagnostics -serialize-diagnostics -emit-dependencies -emit-module -emit-module-path /Users/runner/work/_temp/CustomerServiceDerivedData/Build/Intermediates.noindex/CustomerServiceApp.build/Release-iphoneos/CustomerServiceApp.build/Objects-normal/arm64/CustomerServiceApp.swiftmodule -validate-clang-modules-once -clang-build-session-file /Users/runner/work/_temp/CustomerServiceDerivedData/ModuleCache.noindex/Session.modulevalidation -Xcc -I/Users/runner/work/_temp/CustomerServiceDerivedData/Build/Intermediates.noindex/CustomerServiceApp.build/Release-iphoneos/CustomerServiceApp.build/swift-overrides.hmap -emit-const-values -Xfrontend -const-gather-protocols-file -Xfrontend /Users/runner/work/_temp/CustomerServiceDerivedData/Build/Intermediates.noindex/CustomerServiceApp.build/Release-iphoneos/CustomerServiceApp.build/Objects-normal/arm64/CustomerServiceApp_const_extract_protocols.json -Xcc -iquote -Xcc /Users/runner/work/_temp/CustomerServiceDerivedData/Build/Intermediates.noindex/CustomerServiceApp.build/Release-iphoneos/CustomerServiceApp.build/CustomerServiceApp-generated-files.hmap -Xcc -I/Users/runner/work/_temp/CustomerServiceDerivedData/Build/Intermediates.noindex/CustomerServiceApp.build/Release-iphoneos/CustomerServiceApp.build/CustomerServiceApp-own-target-headers.hmap -Xcc -I/Users/runner/work/_temp/CustomerServiceDerivedData/Build/Intermediates.noindex/CustomerServiceApp.build/Release-iphoneos/CustomerServiceApp.build/CustomerServiceApp-all-target-headers.hmap -Xcc -iquote -Xcc /Users/runner/work/_temp/CustomerServiceDerivedData/Build/Intermediates.noindex/CustomerServiceApp.build/Release-iphoneos/CustomerServiceApp.build/CustomerServiceApp-project-headers.hmap -Xcc -I/Users/runner/work/_temp/CustomerServiceDerivedData/Build/Products/Release-iphoneos/include -Xcc -I/Users/runner/work/_temp/CustomerServiceDerivedData/Build/Intermediates.noindex/CustomerServiceApp.build/Release-iphoneos/CustomerServiceApp.build/DerivedSources-normal/arm64 -Xcc -I/Users/runner/work/_temp/CustomerServiceDerivedData/Build/Intermediates.noindex/CustomerServiceApp.build/Release-iphoneos/CustomerServiceApp.build/DerivedSources/arm64 -Xcc -I/Users/runner/work/_temp/CustomerServiceDerivedData/Build/Intermediates.noindex/CustomerServiceApp.build/Release-iphoneos/CustomerServiceApp.build/DerivedSources -emit-objc-header -emit-objc-header-path /Users/runner/work/_temp/CustomerServiceDerivedData/Build/Intermediates.noindex/CustomerServiceApp.build/Release-iphoneos/CustomerServiceApp.build/Objects-normal/arm64/CustomerServiceApp-Swift.h -working-directory /Users/runner/work/_temp/customer-service-ios-v104-build7 -no-emit-module-separately-wmo

SwiftCompile normal arm64 Compiling\ APIClient.swift,\ AppDelegate.swift,\ ChatViewModel.swift,\ CustomerServiceApp.swift,\ Models.swift,\ RootView.swift,\ GeneratedAssetSymbols.swift /Users/runner/work/_temp/customer-service-ios-v104-build7/CustomerServiceApp/APIClient.swift /Users/runner/work/_temp/customer-service-ios-v104-build7/CustomerServiceApp/AppDelegate.swift /Users/runner/work/_temp/customer-service-ios-v104-build7/CustomerServiceApp/ChatViewModel.swift /Users/runner/work/_temp/customer-service-ios-v104-build7/CustomerServiceApp/CustomerServiceApp.swift /Users/runner/work/_temp/customer-service-ios-v104-build7/CustomerServiceApp/Models.swift /Users/runner/work/_temp/customer-service-ios-v104-build7/CustomerServiceApp/RootView.swift /Users/runner/work/_temp/CustomerServiceDerivedData/Build/Intermediates.noindex/CustomerServiceApp.build/Release-iphoneos/CustomerServiceApp.build/DerivedSources/GeneratedAssetSymbols.swift (in target 'CustomerServiceApp' from project 'CustomerServiceApp')
CompileSwift normal arm64 (in target 'CustomerServiceApp' from project 'CustomerServiceApp')
    cd /Users/runner/work/_temp/customer-service-ios-v104-build7
    

LinkStoryboards (in target 'CustomerServiceApp' from project 'CustomerServiceApp')
    cd /Users/runner/work/_temp/customer-service-ios-v104-build7
    /Applications/Xcode_16.4.app/Contents/Developer/usr/bin/ibtool --errors --warnings --notices --module CustomerServiceApp --target-device iphone --minimum-deployment-target 16.0 --output-format human-readable-text --link /Users/runner/work/_temp/CustomerServiceDerivedData/Build/Products/Release-iphoneos/CustomerServiceApp.app /Users/runner/work/_temp/CustomerServiceDerivedData/Build/Intermediates.noindex/CustomerServiceApp.build/Release-iphoneos/CustomerServiceApp.build/LaunchScreen.storyboardc

LinkAssetCatalog /Users/runner/work/_temp/customer-service-ios-v104-build7/CustomerServiceApp/Assets.xcassets (in target 'CustomerServiceApp' from project 'CustomerServiceApp')
    cd /Users/runner/work/_temp/customer-service-ios-v104-build7
    builtin-linkAssetCatalog --thinned /Users/runner/work/_temp/CustomerServiceDerivedData/Build/Intermediates.noindex/CustomerServiceApp.build/Release-iphoneos/CustomerServiceApp.build/assetcatalog_output/thinned --thinned-dependencies /Users/runner/work/_temp/CustomerServiceDerivedData/Build/Intermediates.noindex/CustomerServiceApp.build/Release-iphoneos/CustomerServiceApp.build/assetcatalog_dependencies_thinned --thinned-info-plist-content /Users/runner/work/_temp/CustomerServiceDerivedData/Build/Intermediates.noindex/CustomerServiceApp.build/Release-iphoneos/CustomerServiceApp.build/assetcatalog_generated_info.plist_thinned --unthinned /Users/runner/work/_temp/CustomerServiceDerivedData/Build/Intermediates.noindex/CustomerServiceApp.build/Release-iphoneos/CustomerServiceApp.build/assetcatalog_output/unthinned --unthinned-dependencies /Users/runner/work/_temp/CustomerServiceDerivedData/Build/Intermediates.noindex/CustomerServiceApp.build/Release-iphoneos/CustomerServiceApp.build/assetcatalog_dependencies_unthinned --unthinned-info-plist-content /Users/runner/work/_temp/CustomerServiceDerivedData/Build/Intermediates.noindex/CustomerServiceApp.build/Release-iphoneos/CustomerServiceApp.build/assetcatalog_generated_info.plist_unthinned --output /Users/runner/work/_temp/CustomerServiceDerivedData/Build/Products/Release-iphoneos/CustomerServiceApp.app --plist-output /Users/runner/work/_temp/CustomerServiceDerivedData/Build/Intermediates.noindex/CustomerServiceApp.build/Release-iphoneos/CustomerServiceApp.build/assetcatalog_generated_info.plist
note: Emplaced /Users/runner/work/_temp/CustomerServiceDerivedData/Build/Products/Release-iphoneos/CustomerServiceApp.app/AppIcon76x76@2x~ipad.png (in target 'CustomerServiceApp' from project 'CustomerServiceApp')
note: Emplaced /Users/runner/work/_temp/CustomerServiceDerivedData/Build/Products/Release-iphoneos/CustomerServiceApp.app/AppIcon60x60@2x.png (in target 'CustomerServiceApp' from project 'CustomerServiceApp')
note: Emplaced /Users/runner/work/_temp/CustomerServiceDerivedData/Build/Products/Release-iphoneos/CustomerServiceApp.app/Assets.car (in target 'CustomerServiceApp' from project 'CustomerServiceApp')

ProcessInfoPlistFile /Users/runner/work/_temp/CustomerServiceDerivedData/Build/Products/Release-iphoneos/CustomerServiceApp.app/Info.plist /Users/runner/work/_temp/customer-service-ios-v104-build7/CustomerServiceApp/Info.plist (in target 'CustomerServiceApp' from project 'CustomerServiceApp')
    cd /Users/runner/work/_temp/customer-service-ios-v104-build7
    builtin-infoPlistUtility /Users/runner/work/_temp/customer-service-ios-v104-build7/CustomerServiceApp/Info.plist -producttype com.apple.product-type.application -genpkginfo /Users/runner/work/_temp/CustomerServiceDerivedData/Build/Products/Release-iphoneos/CustomerServiceApp.app/PkgInfo -expandbuildsettings -format binary -platform iphoneos -additionalcontentfile /Users/runner/work/_temp/CustomerServiceDerivedData/Build/Intermediates.noindex/CustomerServiceApp.build/Release-iphoneos/CustomerServiceApp.build/LaunchScreen-SBPartialInfo.plist -additionalcontentfile /Users/runner/work/_temp/CustomerServiceDerivedData/Build/Intermediates.noindex/CustomerServiceApp.build/Release-iphoneos/CustomerServiceApp.build/assetcatalog_generated_info.plist -requiredArchitecture arm64 -o /Users/runner/work/_temp/CustomerServiceDerivedData/Build/Products/Release-iphoneos/CustomerServiceApp.app/Info.plist

SwiftDriverJobDiscovery normal arm64 Compiling APIClient.swift, AppDelegate.swift, ChatViewModel.swift, CustomerServiceApp.swift, Models.swift, RootView.swift, GeneratedAssetSymbols.swift (in target 'CustomerServiceApp' from project 'CustomerServiceApp')

SwiftDriver\ Compilation\ Requirements CustomerServiceApp normal arm64 com.apple.xcode.tools.swift.compiler (in target 'CustomerServiceApp' from project 'CustomerServiceApp')
    cd /Users/runner/work/_temp/customer-service-ios-v104-build7
    builtin-Swift-Compilation-Requirements -- /Applications/Xcode_16.4.app/Contents/Developer/Toolchains/XcodeDefault.xctoolchain/usr/bin/swiftc -module-name CustomerServiceApp -O -whole-module-optimization -enforce-exclusivity\=checked @/Users/runner/work/_temp/CustomerServiceDerivedData/Build/Intermediates.noindex/CustomerServiceApp.build/Release-iphoneos/CustomerServiceApp.build/Objects-normal/arm64/CustomerServiceApp.SwiftFileList -enable-bare-slash-regex -enable-experimental-feature DebugDescriptionMacro -sdk /Applications/Xcode_16.4.app/Contents/Developer/Platforms/iPhoneOS.platform/Developer/SDKs/iPhoneOS18.5.sdk -target arm64-apple-ios16.0 -g -module-cache-path /Users/runner/work/_temp/CustomerServiceDerivedData/ModuleCache.noindex -Xfrontend -serialize-debugging-options -swift-version 5 -I /Users/runner/work/_temp/CustomerServiceDerivedData/Build/Products/Release-iphoneos -F /Users/runner/work/_temp/CustomerServiceDerivedData/Build/Products/Release-iphoneos -c -num-threads 3 -Xcc -ivfsstatcache -Xcc /Users/runner/work/_temp/CustomerServiceDerivedData/SDKStatCaches.noindex/iphoneos18.5-22F76-a529daf784b3616c7c04a36aeb7f5c05.sdkstatcache -output-file-map /Users/runner/work/_temp/CustomerServiceDerivedData/Build/Intermediates.noindex/CustomerServiceApp.build/Release-iphoneos/CustomerServiceApp.build/Objects-normal/arm64/CustomerServiceApp-OutputFileMap.json -use-frontend-parseable-output -save-temps -no-color-diagnostics -serialize-diagnostics -emit-dependencies -emit-module -emit-module-path /Users/runner/work/_temp/CustomerServiceDerivedData/Build/Intermediates.noindex/CustomerServiceApp.build/Release-iphoneos/CustomerServiceApp.build/Objects-normal/arm64/CustomerServiceApp.swiftmodule -validate-clang-modules-once -clang-build-session-file /Users/runner/work/_temp/CustomerServiceDerivedData/ModuleCache.noindex/Session.modulevalidation -Xcc -I/Users/runner/work/_temp/CustomerServiceDerivedData/Build/Intermediates.noindex/CustomerServiceApp.build/Release-iphoneos/CustomerServiceApp.build/swift-overrides.hmap -emit-const-values -Xfrontend -const-gather-protocols-file -Xfrontend /Users/runner/work/_temp/CustomerServiceDerivedData/Build/Intermediates.noindex/CustomerServiceApp.build/Release-iphoneos/CustomerServiceApp.build/Objects-normal/arm64/CustomerServiceApp_const_extract_protocols.json -Xcc -iquote -Xcc /Users/runner/work/_temp/CustomerServiceDerivedData/Build/Intermediates.noindex/CustomerServiceApp.build/Release-iphoneos/CustomerServiceApp.build/CustomerServiceApp-generated-files.hmap -Xcc -I/Users/runner/work/_temp/CustomerServiceDerivedData/Build/Intermediates.noindex/CustomerServiceApp.build/Release-iphoneos/CustomerServiceApp.build/CustomerServiceApp-own-target-headers.hmap -Xcc -I/Users/runner/work/_temp/CustomerServiceDerivedData/Build/Intermediates.noindex/CustomerServiceApp.build/Release-iphoneos/CustomerServiceApp.build/CustomerServiceApp-all-target-headers.hmap -Xcc -iquote -Xcc /Users/runner/work/_temp/CustomerServiceDerivedData/Build/Intermediates.noindex/CustomerServiceApp.build/Release-iphoneos/CustomerServiceApp.build/CustomerServiceApp-project-headers.hmap -Xcc -I/Users/runner/work/_temp/CustomerServiceDerivedData/Build/Products/Release-iphoneos/include -Xcc -I/Users/runner/work/_temp/CustomerServiceDerivedData/Build/Intermediates.noindex/CustomerServiceApp.build/Release-iphoneos/CustomerServiceApp.build/DerivedSources-normal/arm64 -Xcc -I/Users/runner/work/_temp/CustomerServiceDerivedData/Build/Intermediates.noindex/CustomerServiceApp.build/Release-iphoneos/CustomerServiceApp.build/DerivedSources/arm64 -Xcc -I/Users/runner/work/_temp/CustomerServiceDerivedData/Build/Intermediates.noindex/CustomerServiceApp.build/Release-iphoneos/CustomerServiceApp.build/DerivedSources -emit-objc-header -emit-objc-header-path /Users/runner/work/_temp/CustomerServiceDerivedData/Build/Intermediates.noindex/CustomerServiceApp.build/Release-iphoneos/CustomerServiceApp.build/Objects-normal/arm64/CustomerServiceApp-Swift.h -working-directory /Users/runner/work/_temp/customer-service-ios-v104-build7 -no-emit-module-separately-wmo

SwiftMergeGeneratedHeaders /Users/runner/work/_temp/CustomerServiceDerivedData/Build/Intermediates.noindex/CustomerServiceApp.build/Release-iphoneos/CustomerServiceApp.build/DerivedSources/CustomerServiceApp-Swift.h /Users/runner/work/_temp/CustomerServiceDerivedData/Build/Intermediates.noindex/CustomerServiceApp.build/Release-iphoneos/CustomerServiceApp.build/Objects-normal/arm64/CustomerServiceApp-Swift.h (in target 'CustomerServiceApp' from project 'CustomerServiceApp')
    cd /Users/runner/work/_temp/customer-service-ios-v104-build7
    builtin-swiftHeaderTool -arch arm64 /Users/runner/work/_temp/CustomerServiceDerivedData/Build/Intermediates.noindex/CustomerServiceApp.build/Release-iphoneos/CustomerServiceApp.build/Objects-normal/arm64/CustomerServiceApp-Swift.h -o /Users/runner/work/_temp/CustomerServiceDerivedData/Build/Intermediates.noindex/CustomerServiceApp.build/Release-iphoneos/CustomerServiceApp.build/DerivedSources/CustomerServiceApp-Swift.h

Copy /Users/runner/work/_temp/CustomerServiceDerivedData/Build/Products/Release-iphoneos/CustomerServiceApp.swiftmodule/arm64-apple-ios.swiftmodule /Users/runner/work/_temp/CustomerServiceDerivedData/Build/Intermediates.noindex/CustomerServiceApp.build/Release-iphoneos/CustomerServiceApp.build/Objects-normal/arm64/CustomerServiceApp.swiftmodule (in target 'CustomerServiceApp' from project 'CustomerServiceApp')
    cd /Users/runner/work/_temp/customer-service-ios-v104-build7
    builtin-copy -exclude .DS_Store -exclude CVS -exclude .svn -exclude .git -exclude .hg -resolve-src-symlinks -rename /Users/runner/work/_temp/CustomerServiceDerivedData/Build/Intermediates.noindex/CustomerServiceApp.build/Release-iphoneos/CustomerServiceApp.build/Objects-normal/arm64/CustomerServiceApp.swiftmodule /Users/runner/work/_temp/CustomerServiceDerivedData/Build/Products/Release-iphoneos/CustomerServiceApp.swiftmodule/arm64-apple-ios.swiftmodule

Copy /Users/runner/work/_temp/CustomerServiceDerivedData/Build/Products/Release-iphoneos/CustomerServiceApp.swiftmodule/arm64-apple-ios.swiftdoc /Users/runner/work/_temp/CustomerServiceDerivedData/Build/Intermediates.noindex/CustomerServiceApp.build/Release-iphoneos/CustomerServiceApp.build/Objects-normal/arm64/CustomerServiceApp.swiftdoc (in target 'CustomerServiceApp' from project 'CustomerServiceApp')
    cd /Users/runner/work/_temp/customer-service-ios-v104-build7
    builtin-copy -exclude .DS_Store -exclude CVS -exclude .svn -exclude .git -exclude .hg -resolve-src-symlinks -rename /Users/runner/work/_temp/CustomerServiceDerivedData/Build/Intermediates.noindex/CustomerServiceApp.build/Release-iphoneos/CustomerServiceApp.build/Objects-normal/arm64/CustomerServiceApp.swiftdoc /Users/runner/work/_temp/CustomerServiceDerivedData/Build/Products/Release-iphoneos/CustomerServiceApp.swiftmodule/arm64-apple-ios.swiftdoc

Copy /Users/runner/work/_temp/CustomerServiceDerivedData/Build/Products/Release-iphoneos/CustomerServiceApp.swiftmodule/arm64-apple-ios.abi.json /Users/runner/work/_temp/CustomerServiceDerivedData/Build/Intermediates.noindex/CustomerServiceApp.build/Release-iphoneos/CustomerServiceApp.build/Objects-normal/arm64/CustomerServiceApp.abi.json (in target 'CustomerServiceApp' from project 'CustomerServiceApp')
    cd /Users/runner/work/_temp/customer-service-ios-v104-build7
    builtin-copy -exclude .DS_Store -exclude CVS -exclude .svn -exclude .git -exclude .hg -resolve-src-symlinks -rename /Users/runner/work/_temp/CustomerServiceDerivedData/Build/Intermediates.noindex/CustomerServiceApp.build/Release-iphoneos/CustomerServiceApp.build/Objects-normal/arm64/CustomerServiceApp.abi.json /Users/runner/work/_temp/CustomerServiceDerivedData/Build/Products/Release-iphoneos/CustomerServiceApp.swiftmodule/arm64-apple-ios.abi.json

Copy /Users/runner/work/_temp/CustomerServiceDerivedData/Build/Products/Release-iphoneos/CustomerServiceApp.swiftmodule/Project/arm64-apple-ios.swiftsourceinfo /Users/runner/work/_temp/CustomerServiceDerivedData/Build/Intermediates.noindex/CustomerServiceApp.build/Release-iphoneos/CustomerServiceApp.build/Objects-normal/arm64/CustomerServiceApp.swiftsourceinfo (in target 'CustomerServiceApp' from project 'CustomerServiceApp')
    cd /Users/runner/work/_temp/customer-service-ios-v104-build7
    builtin-copy -exclude .DS_Store -exclude CVS -exclude .svn -exclude .git -exclude .hg -resolve-src-symlinks -rename /Users/runner/work/_temp/CustomerServiceDerivedData/Build/Intermediates.noindex/CustomerServiceApp.build/Release-iphoneos/CustomerServiceApp.build/Objects-normal/arm64/CustomerServiceApp.swiftsourceinfo /Users/runner/work/_temp/CustomerServiceDerivedData/Build/Products/Release-iphoneos/CustomerServiceApp.swiftmodule/Project/arm64-apple-ios.swiftsourceinfo

Ld /Users/runner/work/_temp/CustomerServiceDerivedData/Build/Products/Release-iphoneos/CustomerServiceApp.app/CustomerServiceApp normal (in target 'CustomerServiceApp' from project 'CustomerServiceApp')
    cd /Users/runner/work/_temp/customer-service-ios-v104-build7
    /Applications/Xcode_16.4.app/Contents/Developer/Toolchains/XcodeDefault.xctoolchain/usr/bin/clang -Xlinker -reproducible -target arm64-apple-ios16.0 -isysroot /Applications/Xcode_16.4.app/Contents/Developer/Platforms/iPhoneOS.platform/Developer/SDKs/iPhoneOS18.5.sdk -Os -L/Users/runner/work/_temp/CustomerServiceDerivedData/Build/Intermediates.noindex/EagerLinkingTBDs/Release-iphoneos -L/Users/runner/work/_temp/CustomerServiceDerivedData/Build/Products/Release-iphoneos -F/Users/runner/work/_temp/CustomerServiceDerivedData/Build/Intermediates.noindex/EagerLinkingTBDs/Release-iphoneos -F/Users/runner/work/_temp/CustomerServiceDerivedData/Build/Products/Release-iphoneos -filelist /Users/runner/work/_temp/CustomerServiceDerivedData/Build/Intermediates.noindex/CustomerServiceApp.build/Release-iphoneos/CustomerServiceApp.build/Objects-normal/arm64/CustomerServiceApp.LinkFileList -Xlinker -rpath -Xlinker @executable_path/Frameworks -dead_strip -Xlinker -object_path_lto -Xlinker /Users/runner/work/_temp/CustomerServiceDerivedData/Build/Intermediates.noindex/CustomerServiceApp.build/Release-iphoneos/CustomerServiceApp.build/Objects-normal/arm64/CustomerServiceApp_lto.o -Xlinker -dependency_info -Xlinker /Users/runner/work/_temp/CustomerServiceDerivedData/Build/Intermediates.noindex/CustomerServiceApp.build/Release-iphoneos/CustomerServiceApp.build/Objects-normal/arm64/CustomerServiceApp_dependency_info.dat -fobjc-link-runtime -L/Applications/Xcode_16.4.app/Contents/Developer/Toolchains/XcodeDefault.xctoolchain/usr/lib/swift/iphoneos -L/usr/lib/swift -Xlinker -add_ast_path -Xlinker /Users/runner/work/_temp/CustomerServiceDerivedData/Build/Intermediates.noindex/CustomerServiceApp.build/Release-iphoneos/CustomerServiceApp.build/Objects-normal/arm64/CustomerServiceApp.swiftmodule -o /Users/runner/work/_temp/CustomerServiceDerivedData/Build/Products/Release-iphoneos/CustomerServiceApp.app/CustomerServiceApp

GenerateDSYMFile /Users/runner/work/_temp/CustomerServiceDerivedData/Build/Products/Release-iphoneos/CustomerServiceApp.app.dSYM /Users/runner/work/_temp/CustomerServiceDerivedData/Build/Products/Release-iphoneos/CustomerServiceApp.app/CustomerServiceApp (in target 'CustomerServiceApp' from project 'CustomerServiceApp')
    cd /Users/runner/work/_temp/customer-service-ios-v104-build7
    /Applications/Xcode_16.4.app/Contents/Developer/Toolchains/XcodeDefault.xctoolchain/usr/bin/dsymutil /Users/runner/work/_temp/CustomerServiceDerivedData/Build/Products/Release-iphoneos/CustomerServiceApp.app/CustomerServiceApp -o /Users/runner/work/_temp/CustomerServiceDerivedData/Build/Products/Release-iphoneos/CustomerServiceApp.app.dSYM

ExtractAppIntentsMetadata (in target 'CustomerServiceApp' from project 'CustomerServiceApp')
    cd /Users/runner/work/_temp/customer-service-ios-v104-build7
    /Applications/Xcode_16.4.app/Contents/Developer/Toolchains/XcodeDefault.xctoolchain/usr/bin/appintentsmetadataprocessor --toolchain-dir /Applications/Xcode_16.4.app/Contents/Developer/Toolchains/XcodeDefault.xctoolchain --module-name CustomerServiceApp --sdk-root /Applications/Xcode_16.4.app/Contents/Developer/Platforms/iPhoneOS.platform/Developer/SDKs/iPhoneOS18.5.sdk --xcode-version 16F6 --platform-family iOS --deployment-target 16.0 --bundle-identifier com.yuyanfriends.app --output /Users/runner/work/_temp/CustomerServiceDerivedData/Build/Products/Release-iphoneos/CustomerServiceApp.app --target-triple arm64-apple-ios16.0 --binary-file /Users/runner/work/_temp/CustomerServiceDerivedData/Build/Products/Release-iphoneos/CustomerServiceApp.app/CustomerServiceApp --dependency-file /Users/runner/work/_temp/CustomerServiceDerivedData/Build/Intermediates.noindex/CustomerServiceApp.build/Release-iphoneos/CustomerServiceApp.build/Objects-normal/arm64/CustomerServiceApp_dependency_info.dat --stringsdata-file /Users/runner/work/_temp/CustomerServiceDerivedData/Build/Intermediates.noindex/CustomerServiceApp.build/Release-iphoneos/CustomerServiceApp.build/Objects-normal/arm64/ExtractedAppShortcutsMetadata.stringsdata --source-file-list /Users/runner/work/_temp/CustomerServiceDerivedData/Build/Intermediates.noindex/CustomerServiceApp.build/Release-iphoneos/CustomerServiceApp.build/Objects-normal/arm64/CustomerServiceApp.SwiftFileList --metadata-file-list /Users/runner/work/_temp/CustomerServiceDerivedData/Build/Intermediates.noindex/CustomerServiceApp.build/Release-iphoneos/CustomerServiceApp.build/CustomerServiceApp.DependencyMetadataFileList --static-metadata-file-list /Users/runner/work/_temp/CustomerServiceDerivedData/Build/Intermediates.noindex/CustomerServiceApp.build/Release-iphoneos/CustomerServiceApp.build/CustomerServiceApp.DependencyStaticMetadataFileList --swift-const-vals-list /Users/runner/work/_temp/CustomerServiceDerivedData/Build/Intermediates.noindex/CustomerServiceApp.build/Release-iphoneos/CustomerServiceApp.build/Objects-normal/arm64/CustomerServiceApp.SwiftConstValuesFileList --compile-time-extraction --deployment-aware-processing --validate-assistant-intents --no-app-shortcuts-localization
2026-08-20 15:10:28.893 appintentsmetadataprocessor[6852:22927] Starting appintentsmetadataprocessor export
2026-08-20 15:10:28.899 appintentsmetadataprocessor[6852:22927] warning: Metadata extraction skipped. No AppIntents.framework dependency found.

CopySwiftLibs /Users/runner/work/_temp/CustomerServiceDerivedData/Build/Products/Release-iphoneos/CustomerServiceApp.app (in target 'CustomerServiceApp' from project 'CustomerServiceApp')
    cd /Users/runner/work/_temp/customer-service-ios-v104-build7
    builtin-swiftStdLibTool --copy --verbose --scan-executable /Users/runner/work/_temp/CustomerServiceDerivedData/Build/Products/Release-iphoneos/CustomerServiceApp.app/CustomerServiceApp --scan-folder /Users/runner/work/_temp/CustomerServiceDerivedData/Build/Products/Release-iphoneos/CustomerServiceApp.app/Frameworks --scan-folder /Users/runner/work/_temp/CustomerServiceDerivedData/Build/Products/Release-iphoneos/CustomerServiceApp.app/PlugIns --scan-folder /Users/runner/work/_temp/CustomerServiceDerivedData/Build/Products/Release-iphoneos/CustomerServiceApp.app/SystemExtensions --scan-folder /Users/runner/work/_temp/CustomerServiceDerivedData/Build/Products/Release-iphoneos/CustomerServiceApp.app/Extensions --platform iphoneos --toolchain /Applications/Xcode_16.4.app/Contents/Developer/Toolchains/XcodeDefault.xctoolchain --destination /Users/runner/work/_temp/CustomerServiceDerivedData/Build/Products/Release-iphoneos/CustomerServiceApp.app/Frameworks --strip-bitcode --strip-bitcode-tool /Applications/Xcode_16.4.app/Contents/Developer/Toolchains/XcodeDefault.xctoolchain/usr/bin/bitcode_strip --emit-dependency-info /Users/runner/work/_temp/CustomerServiceDerivedData/Build/Intermediates.noindex/CustomerServiceApp.build/Release-iphoneos/CustomerServiceApp.build/SwiftStdLibToolInputDependencies.dep --filter-for-swift-os
Ignoring --strip-bitcode because --sign was not passed

AppIntentsSSUTraining (in target 'CustomerServiceApp' from project 'CustomerServiceApp')
    cd /Users/runner/work/_temp/customer-service-ios-v104-build7
    /Applications/Xcode_16.4.app/Contents/Developer/Toolchains/XcodeDefault.xctoolchain/usr/bin/appintentsnltrainingprocessor --infoplist-path /Users/runner/work/_temp/CustomerServiceDerivedData/Build/Products/Release-iphoneos/CustomerServiceApp.app/Info.plist --temp-dir-path /Users/runner/work/_temp/CustomerServiceDerivedData/Build/Intermediates.noindex/CustomerServiceApp.build/Release-iphoneos/CustomerServiceApp.build/ssu --bundle-id com.yuyanfriends.app --product-path /Users/runner/work/_temp/CustomerServiceDerivedData/Build/Products/Release-iphoneos/CustomerServiceApp.app --extracted-metadata-path /Users/runner/work/_temp/CustomerServiceDerivedData/Build/Products/Release-iphoneos/CustomerServiceApp.app/Metadata.appintents --metadata-file-list /Users/runner/work/_temp/CustomerServiceDerivedData/Build/Intermediates.noindex/CustomerServiceApp.build/Release-iphoneos/CustomerServiceApp.build/CustomerServiceApp.DependencyMetadataFileList --archive-ssu-assets
2026-08-20 15:10:28.948 appintentsnltrainingprocessor[6854:22932] Parsing options for appintentsnltrainingprocessor
2026-08-20 15:10:28.949 appintentsnltrainingprocessor[6854:22932] No AppShortcuts found - Skipping.

RegisterExecutionPolicyException /Users/runner/work/_temp/CustomerServiceDerivedData/Build/Products/Release-iphoneos/CustomerServiceApp.app (in target 'CustomerServiceApp' from project 'CustomerServiceApp')
    cd /Users/runner/work/_temp/customer-service-ios-v104-build7
    builtin-RegisterExecutionPolicyException /Users/runner/work/_temp/CustomerServiceDerivedData/Build/Products/Release-iphoneos/CustomerServiceApp.app

Validate /Users/runner/work/_temp/CustomerServiceDerivedData/Build/Products/Release-iphoneos/CustomerServiceApp.app (in target 'CustomerServiceApp' from project 'CustomerServiceApp')
    cd /Users/runner/work/_temp/customer-service-ios-v104-build7
    builtin-validationUtility /Users/runner/work/_temp/CustomerServiceDerivedData/Build/Products/Release-iphoneos/CustomerServiceApp.app -infoplist-subpath Info.plist

Touch /Users/runner/work/_temp/CustomerServiceDerivedData/Build/Products/Release-iphoneos/CustomerServiceApp.app (in target 'CustomerServiceApp' from project 'CustomerServiceApp')
    cd /Users/runner/work/_temp/customer-service-ios-v104-build7
    /usr/bin/touch -c /Users/runner/work/_temp/CustomerServiceDerivedData/Build/Products/Release-iphoneos/CustomerServiceApp.app

note: Disabling previews because SWIFT_VERSION is set and SWIFT_OPTIMIZATION_LEVEL=-O, expected -Onone (in target 'CustomerServiceApp' from project 'CustomerServiceApp')
** BUILD SUCCEEDED **

